// Jest Snapshot v1, https://goo.gl/fbAQLP

exports[`[component] Button [Snapshot] Button 1`] = `
<Button
  color="orange"
  isDisabled={false}
  size="m"
  theme="light"
>
  <Styled(button)
    color="orange"
    disabled={false}
    isDisabled={false}
    size="m"
    theme="light"
  >
    <button
      className="css-107tu9w"
      color="orange"
      disabled={false}
      size="m"
    >
      Test
    </button>
  </Styled(button)>
</Button>
`;
